
--- STDERR ---
  % Total    % Received % Xferd  Average Speed   Time    Time     Time  Current
                                 Dload  Upload   Total   Spent    Left  Speed

  0     0    0     0    0     0      0      0 --:--:-- --:--:-- --:--:--     0
100   888  100   888    0     0   4150      0 --:--:-- --:--:-- --:--:--  4169

  0  9.9G    0 89557    0     0  76952      0 38:28:08  0:00:01 38:28:07 76952
  0  9.9G    0 10.4M    0     0  5410k      0  0:32:03  0:00:01  0:32:02 12.6M
  0  9.9G    0 28.1M    0     0   9.8M      0  0:17:16  0:00:02  0:17:14 16.4M
  0  9.9G    0 59.2M    0     0  15.3M      0  0:11:00  0:00:03  0:10:57 22.0M
  0  9.9G    0 74.3M    0     0  14.3M      0  0:11:49  0:00:05  0:11:44 18.4M
  0  9.9G    0 74.3M    0     0  12.0M      0  0:14:06  0:00:06  0:14:00 14.7M
  1  9.9G    1  102M    0     0  14.6M      0  0:11:32  0:00:06  0:11:26 18.4M
  1  9.9G    1  138M    0     0  17.5M      0  0:09:39  0:00:07  0:09:32 21.9M
  1  9.9G    1  159M    0     0  18.0M      0  0:09:21  0:00:08  0:09:13 20.1M
  1  9.9G    1  201M    0     0  20.4M      0  0:08:17  0:00:09  0:08:08 27.2M
  1  9.9G    1  202M    0     0  18.6M      0  0:09:04  0:00:10  0:08:54 27.5M
  2  9.9G    2  227M    0     0  19.1M      0  0:08:49  0:00:11  0:08:38 25.6M
  2  9.9G    2  264M    0     0  20.5M      0  0:08:14  0:00:12  0:08:02 25.3M
  3  9.9G    3  323M    0     0  23.3M      0  0:07:14  0:00:13  0:07:01 32.6M
  4  9.9G    4  449M    0     0  30.2M      0  0:05:35  0:00:14  0:05:21 49.8M
  5  9.9G    5  519M    0     0  32.7M      0  0:05:10  0:00:15  0:04:55 62.7M
  5  9.9G    5  525M    0     0  31.1M      0  0:05:26  0:00:16  0:05:10 58.9M
  5  9.9G    5  531M    0     0  29.7M      0  0:05:41  0:00:17  0:05:24 53.6M
  5  9.9G    5  540M    0     0  28.6M      0  0:05:55  0:00:18  0:05:37 43.1M
  5  9.9G    5  552M    0     0  27.7M      0  0:06:05  0:00:19  0:05:46 20.3M
  5  9.9G    5  583M    0     0  27.0M      0  0:06:15  0:00:21  0:05:54 11.3M
  5  9.9G    5  586M    0     0  26.8M      0  0:06:18  0:00:21  0:05:57 12.3M
  5  9.9G    5  598M    0     0  25.9M      0  0:06:31  0:00:23  0:06:08 12.8M
  6  9.9G    6  613M    0     0  25.7M      0  0:06:34  0:00:23  0:06:11 14.7M
  6  9.9G    6  653M    0     0  26.3M      0  0:06:25  0:00:24  0:06:01 20.5M
  6  9.9G    6  662M    0     0  25.5M      0  0:06:38  0:00:25  0:06:13 17.8M
  6  9.9G    6  662M    0     0  24.5M      0  0:06:53  0:00:26  0:06:27 14.8M
  7  9.9G    7  728M    0     0  25.5M      0  0:06:37  0:00:28  0:06:09 23.7M
  7  9.9G    7  728M    0     0  24.6M      0  0:06:51  0:00:29  0:06:22 20.2M
  7  9.9G    7  728M    0     0  24.3M      0  0:06:57  0:00:29  0:06:28 14.5M
  7  9.9G    7  767M    0     0  24.6M      0  0:06:52  0:00:31  0:06:21 20.1M
  7  9.9G    7  768M    0     0  23.9M      0  0:07:04  0:00:32  0:06:32 20.6M
  7  9.9G    7  808M    0     0  24.3M      0  0:06:57  0:00:33  0:06:24 17.1M
  8  9.9G    8  838M    0     0  24.0M      0  0:07:01  0:00:34  0:06:27 20.8M
  8  9.9G    8  838M    0     0  23.4M      0  0:07:14  0:00:35  0:06:39 18.7M
  8  9.9G    8  838M    0     0  22.9M      0  0:07:23  0:00:36  0:06:47 13.0M
  8  9.9G    8  873M    0     0  23.7M      0  0:07:08  0:00:36  0:06:32 22.1M
  8  9.9G    8  896M    0     0  23.6M      0  0:07:09  0:00:37  0:06:32 18.6M
  9  9.9G    9  924M    0     0  23.8M      0  0:07:06  0:00:38  0:06:28 21.5M
  9  9.9G    9  952M    0     0  23.5M      0  0:07:11  0:00:40  0:06:31 24.4M
  9  9.9G    9  952M    0     0  22.9M      0  0:07:22  0:00:41  0:06:41 23.4M
  9  9.9G    9  952M    0     0  22.4M      0  0:07:32  0:00:42  0:06:50 14.0M
  9  9.9G    9 1001M    0     0  23.3M      0  0:07:14  0:00:42  0:06:32 21.3M
 10  9.9G   10 1018M    0     0  23.1M      0  0:07:18  0:00:43  0:06:35 18.3M
 10  9.9G   10 1018M    0     0  22.6M      0  0:07:28  0:00:44  0:06:44 14.7M
 10  9.9G   10 1061M    0     0  22.9M      0  0:07:23  0:00:46  0:06:37 22.3M
 10  9.9G   10 1065M    0     0  22.7M      0  0:07:27  0:00:46  0:06:41 25.3M
 10  9.9G   10 1106M    0     0  23.1M      0  0:07:19  0:00:47  0:06:32 20.8M
 11  9.9G   11 1125M    0     0  22.8M      0  0:07:25  0:00:49  0:06:36 19.8M
 11  9.9G   11 1125M    0     0  22.3M      0  0:07:34  0:00:50  0:06:44 19.8M
 11  9.9G   11 1125M    0     0  22.1M      0  0:07:39  0:00:50  0:06:49 14.0M
 11  9.9G   11 1137M    0     0  21.8M      0  0:07:44  0:00:51  0:06:53 14.0M
 11  9.9G   11 1162M    0     0  21.6M      0  0:07:50  0:00:53  0:06:57 9645k
 11  9.9G   11 1162M    0     0  21.2M      0  0:07:58  0:00:54  0:07:04 6946k
 11  9.9G   11 1162M    0     0  20.9M      0  0:08:05  0:00:55  0:07:10 7266k
 11  9.9G   11 1210M    0     0  21.6M      0  0:07:48  0:00:55  0:06:53 17.2M
 12  9.9G   12 1228M    0     0  21.6M      0  0:07:50  0:00:56  0:06:54 18.5M
 12  9.9G   12 1257M    0     0  21.7M      0  0:07:47  0:00:57  0:06:50 23.0M
 12  9.9G   12 1292M    0     0  21.7M      0  0:07:48  0:00:59  0:06:49 27.2M
 12  9.9G   12 1292M    0     0  21.6M      0  0:07:50  0:00:59  0:06:51 30.3M
 13  9.9G   13 1350M    0     0  21.9M      0  0:07:42  0:01:01  0:06:41 24.8M
 13  9.9G   13 1350M    0     0  21.6M      0  0:07:50  0:01:02  0:06:48 21.8M
 13  9.9G   13 1350M    0     0  21.3M      0  0:07:55  0:01:03  0:06:52 17.4M
 13  9.9G   13 1380M    0     0  21.4M      0  0:07:53  0:01:04  0:06:49 18.2M
 13  9.9G   13 1386M    0     0  21.3M      0  0:07:55  0:01:04  0:06:51 18.6M
 14  9.9G   14 1428M    0     0  21.6M      0  0:07:48  0:01:05  0:06:43 17.7M
 14  9.9G   14 1436M    0     0  21.4M      0  0:07:54  0:01:07  0:06:47 18.5M
 14  9.9G   14 1436M    0     0  21.0M      0  0:08:01  0:01:08  0:06:53 17.5M
 14  9.9G   14 1436M    0     0  20.8M      0  0:08:08  0:01:09  0:06:59 11.9M
 14  9.9G   14 1501M    0     0  21.3M      0  0:07:55  0:01:10  0:06:45 21.1M
 14  9.9G   14 1505M    0     0  21.2M      0  0:07:58  0:01:10  0:06:48 15.3M
 15  9.9G   15 1551M    0     0  21.6M      0  0:07:50  0:01:11  0:06:39 24.3M
 15  9.9G   15 1566M    0     0  21.4M      0  0:07:52  0:01:12  0:06:40 27.1M
 15  9.9G   15 1566M    0     0  21.1M      0  0:07:59  0:01:13  0:06:46 26.6M
 15  9.9G   15 1583M    0     0  21.1M      0  0:08:00  0:01:14  0:06:46 17.9M
 15  9.9G   15 1615M    0     0  21.2M      0  0:07:58  0:01:16  0:06:42 21.2M
 16  9.9G   16 1639M    0     0  21.3M      0  0:07:56  0:01:16  0:06:40 17.6M
 16  9.9G   16 1645M    0     0  21.1M      0  0:08:01  0:01:17  0:06:44 15.7M
 16  9.9G   16 1645M    0     0  20.8M      0  0:08:07  0:01:18  0:06:49 15.7M
 16  9.9G   16 1659M    0     0  20.7M      0  0:08:08  0:01:19  0:06:49 15.3M
 16  9.9G   16 1711M    0     0  21.0M      0  0:08:02  0:01:21  0:06:41 18.6M
 16  9.9G   16 1711M    0     0  20.8M      0  0:08:07  0:01:22  0:06:45 13.4M
 16  9.9G   16 1711M    0     0  20.6M      0  0:08:11  0:01:22  0:06:49 13.3M
 17  9.9G   17 1790M    0     0  21.2M      0  0:07:57  0:01:24  0:06:33 27.4M
 17  9.9G   17 1801M    0     0  21.2M      0  0:07:58  0:01:24  0:06:34 28.1M
 18  9.9G   18 1843M    0     0  21.4M      0  0:07:53  0:01:25  0:06:28 28.1M
 18  9.9G   18 1854M    0     0  21.2M      0  0:07:57  0:01:27  0:06:30 29.0M
 18  9.9G   18 1854M    0     0  21.0M      0  0:08:02  0:01:28  0:06:34 27.2M
 18  9.9G   18 1854M    0     0  20.8M      0  0:08:07  0:01:28  0:06:39 13.5M
 18  9.9G   18 1857M    0     0  20.6M      0  0:08:11  0:01:29  0:06:42 11.1M
 18  9.9G   18 1883M    0     0  20.7M      0  0:08:09  0:01:30  0:06:39 8331k
 18  9.9G   18 1919M    0     0  20.7M      0  0:08:10  0:01:32  0:06:38 11.8M
 18  9.9G   18 1919M    0     0  20.5M      0  0:08:15  0:01:33  0:06:42 11.8M
 18  9.9G   18 1920M    0     0  20.3M      0  0:08:20  0:01:34  0:06:46 11.7M
 19  9.9G   19 1958M    0     0  20.6M      0  0:08:12  0:01:34  0:06:38 20.2M
 19  9.9G   19 1985M    0     0  20.6M      0  0:08:11  0:01:35  0:06:36 19.6M
 19  9.9G   19 1985M    0     0  20.4M      0  0:08:15  0:01:36  0:06:39 15.5M
 20  9.9G   20 2077M    0     0  21.0M      0  0:08:01  0:01:38  0:06:23 32.7M
 20  9.9G   20 2077M    0     0  20.8M      0  0:08:06  0:01:39  0:06:27 31.8M
 20  9.9G   20 2077M    0     0  20.7M      0  0:08:10  0:01:40  0:06:30 21.8M
 20  9.9G   20 2098M    0     0  20.6M      0  0:08:11  0:01:41  0:06:30 20.7M
 20  9.9G   20 2106M    0     0  20.6M      0  0:08:11  0:01:41  0:06:30 24.4M
 20  9.9G   20 2129M    0     0  20.5M      0  0:08:13  0:01:43  0:06:30 10.5M
 20  9.9G   20 2129M    0     0  20.3M      0  0:08:18  0:01:44  0:06:34 10.5M
 20  9.9G   20 2129M    0     0  20.3M      0  0:08:20  0:01:44  0:06:36 11.3M
 21  9.9G   21 2195M    0     0  20.6M      0  0:08:11  0:01:46  0:06:25 20.7M
 21  9.9G   21 2210M    0     0  20.6M      0  0:08:11  0:01:46  0:06:25 20.8M
 22  9.9G   22 2248M    0     0  20.8M      0  0:08:07  0:01:47  0:06:20 26.9M
 22  9.9G   22 2302M    0     0  21.0M      0  0:08:03  0:01:49  0:06:14 33.5M
 22  9.9G   22 2302M    0     0  20.8M      0  0:08:08  0:01:50  0:06:18 30.5M
 22  9.9G   22 2302M    0     0  20.7M      0  0:08:10  0:01:51  0:06:19 21.4M
 23  9.9G   23 2341M    0     0  20.8M      0  0:08:07  0:01:52  0:06:15 23.7M
 23  9.9G   23 2351M    0     0  20.8M      0  0:08:07  0:01:52  0:06:15 20.6M
 23  9.9G   23 2392M    0     0  21.0M      0  0:08:03  0:01:53  0:06:10 21.0M
 23  9.9G   23 2403M    0     0  20.8M      0  0:08:06  0:01:55  0:06:11 22.3M
 23  9.9G   23 2403M    0     0  20.7M      0  0:08:10  0:01:56  0:06:14 20.1M
 23  9.9G   23 2403M    0     0  20.5M      0  0:08:14  0:01:56  0:06:18 13.4M
 24  9.9G   24 2469M    0     0  20.8M      0  0:08:06  0:01:58  0:06:08 22.0M
 24  9.9G   24 2479M    0     0  20.8M      0  0:08:07  0:01:58  0:06:09 17.4M
 24  9.9G   24 2518M    0     0  20.9M      0  0:08:05  0:02:00  0:06:05 22.1M
 24  9.9G   24 2518M    0     0  20.7M      0  0:08:09  0:02:01  0:06:08 22.1M
 24  9.9G   24 2518M    0     0  20.6M      0  0:08:12  0:02:02  0:06:10 22.3M
 25  9.9G   25 2576M    0     0  20.8M      0  0:08:07  0:02:03  0:06:04 20.1M
 25  9.9G   25 2585M    0     0  20.8M      0  0:08:06  0:02:03  0:06:03 21.0M
 25  9.9G   25 2613M    0     0  20.8M      0  0:08:08  0:02:05  0:06:03 17.9M
 25  9.9G   25 2613M    0     0  20.6M      0  0:08:12  0:02:06  0:06:06 17.9M
 25  9.9G   25 2613M    0     0  20.5M      0  0:08:15  0:02:07  0:06:08 17.8M
 26  9.9G   26 2679M    0     0  20.8M      0  0:08:08  0:02:08  0:06:00 19.3M
 26  9.9G   26 2679M    0     0  20.6M      0  0:08:12  0:02:09  0:06:03 15.8M
 26  9.9G   26 2679M    0     0  20.5M      0  0:08:15  0:02:10  0:06:05 13.2M
 26  9.9G   26 2727M    0     0  20.8M      0  0:08:07  0:02:10  0:05:57 26.8M
 26  9.9G   26 2742M    0     0  20.7M      0  0:08:08  0:02:11  0:05:57 29.0M
 27  9.9G   27 2771M    0     0  20.8M      0  0:08:07  0:02:12  0:05:55 22.6M
 27  9.9G   27 2806M    0     0  20.8M      0  0:08:07  0:02:14  0:05:53 26.0M
 27  9.9G   27 2806M    0     0  20.6M      0  0:08:11  0:02:15  0:05:56 24.7M
 27  9.9G   27 2806M    0     0  20.5M      0  0:08:14  0:02:16  0:05:58 13.6M
 27  9.9G   27 2817M    0     0  20.4M      0  0:08:16  0:02:17  0:05:59 12.9M
 27  9.9G   27 2818M    0     0  20.4M      0  0:08:17  0:02:17  0:06:00 9687k
 27  9.9G   27 2822M    0     0  20.3M      0  0:08:20  0:02:19  0:06:01 3960k
 27  9.9G   27 2822M    0     0  20.1M      0  0:08:24  0:02:20  0:06:04 3960k
 27  9.9G   27 2822M    0     0  20.0M      0  0:08:27  0:02:21  0:06:06 3880k
 28  9.9G   28 2888M    0     0  20.2M      0  0:08:20  0:02:22  0:05:58 15.1M
 28  9.9G   28 2894M    0     0  20.2M      0  0:08:21  0:02:22  0:05:59 15.2M
 28  9.9G   28 2935M    0     0  20.4M      0  0:08:18  0:02:23  0:05:55 23.1M
 29  9.9G   29 2952M    0     0  20.3M      0  0:08:19  0:02:25  0:05:54 24.7M
 29  9.9G   29 2952M    0     0  20.2M      0  0:08:22  0:02:26  0:05:56 25.4M
 29  9.9G   29 3029M    0     0  20.5M      0  0:08:15  0:02:27  0:05:48 26.6M
 29  9.9G   29 3029M    0     0  20.3M      0  0:08:18  0:02:28  0:05:50 23.2M
 29  9.9G   29 3029M    0     0  20.2M      0  0:08:21  0:02:29  0:05:52 16.7M
 30  9.9G   30 3059M    0     0  20.3M      0  0:08:18  0:02:30  0:05:48 22.3M
 30  9.9G   30 3060M    0     0  20.2M      0  0:08:21  0:02:30  0:05:51 22.4M
 30  9.9G   30 3093M    0     0  20.3M      0  0:08:18  0:02:31  0:05:47 15.3M
 30  9.9G   30 3096M    0     0  20.2M      0  0:08:21  0:02:32  0:05:49 15.9M
 30  9.9G   30 3096M    0     0  20.1M      0  0:08:24  0:02:33  0:05:51 15.3M
 30  9.9G   30 3096M    0     0  19.9M      0  0:08:28  0:02:34  0:05:54 7931k
 31  9.9G   31 3162M    0     0  20.2M      0  0:08:22  0:02:36  0:05:46 18.8M
 31  9.9G   31 3162M    0     0  20.1M      0  0:08:25  0:02:37  0:05:48 12.4M
 31  9.9G   31 3162M    0     0  20.0M      0  0:08:27  0:02:37  0:05:50 13.2M
 32  9.9G   32 3254M    0     0  20.4M      0  0:08:17  0:02:39  0:05:38 28.5M
 32  9.9G   32 3254M    0     0  20.2M      0  0:08:20  0:02:40  0:05:40 28.5M
 32  9.9G   32 3254M    0     0  20.1M      0  0:08:23  0:02:41  0:05:42 19.1M
 32  9.9G   32 3302M    0     0  20.3M      0  0:08:19  0:02:42  0:05:37 27.5M
 32  9.9G   32 3306M    0     0  20.1M      0  0:08:23  0:02:43  0:05:40 24.1M
 32  9.9G   32 3306M    0     0  20.0M      0  0:08:26  0:02:44  0:05:42 9904k
 32  9.9G   32 3306M    0     0  19.9M      0  0:08:29  0:02:45  0:05:44  9.9M
 32  9.9G   32 3335M    0     0  20.1M      0  0:08:25  0:02:45  0:05:40 17.2M
 33  9.9G   33 3372M    0     0  20.2M      0  0:08:22  0:02:46  0:05:36 15.7M
 33  9.9G   33 3393M    0     0  20.2M      0  0:08:22  0:02:47  0:05:35 21.4M
 33  9.9G   33 3435M    0     0  20.3M      0  0:08:19  0:02:48  0:05:31 31.5M
 33  9.9G   33 3436M    0     0  20.2M      0  0:08:22  0:02:49  0:05:33 30.8M
 34  9.9G   34 3470M    0     0  20.2M      0  0:08:22  0:02:51  0:05:31 23.6M
 34  9.9G   34 3471M    0     0  20.1M      0  0:08:23  0:02:51  0:05:32 19.6M
 34  9.9G   34 3505M    0     0  20.2M      0  0:08:21  0:02:52  0:05:29 22.4M
 34  9.9G   34 3534M    0     0  20.2M      0  0:08:21  0:02:54  0:05:27 17.4M
 34  9.9G   34 3534M    0     0  20.1M      0  0:08:24  0:02:55  0:05:29 17.2M
 34  9.9G   34 3534M    0     0  20.0M      0  0:08:26  0:02:56  0:05:30 13.4M
 34  9.9G   34 3536M    0     0  19.9M      0  0:08:29  0:02:57  0:05:32 12.3M
 35  9.9G   35 3557M    0     0  20.0M      0  0:08:28  0:02:57  0:05:31 10.3M
 35  9.9G   35 3580M    0     0  19.9M      0  0:08:29  0:02:59  0:05:30 9581k
 35  9.9G   35 3580M    0     0  19.8M      0  0:08:32  0:03:00  0:05:32 9579k
 35  9.9G   35 3580M    0     0  19.7M      0  0:08:34  0:03:01  0:05:33 9277k
 35  9.9G   35 3646M    0     0  19.9M      0  0:08:29  0:03:02  0:05:27 19.6M
 35  9.9G   35 3646M    0     0  19.8M      0  0:08:32  0:03:03  0:05:29 15.1M
 35  9.9G   35 3646M    0     0  19.8M      0  0:08:33  0:03:04  0:05:29 14.0M
 36  9.9G   36 3757M    0     0  20.3M      0  0:08:19  0:03:04  0:05:15 40.4M
 36  9.9G   36 3758M    0     0  20.2M      0  0:08:22  0:03:05  0:05:17 39.5M
 36  9.9G   36 3758M    0     0  20.1M      0  0:08:25  0:03:06  0:05:19 27.2M
 37  9.9G   37 3778M    0     0  20.0M      0  0:08:27  0:03:08  0:05:19 27.1M
 37  9.9G   37 3779M    0     0  20.0M      0  0:08:27  0:03:08  0:05:19 28.1M
 37  9.9G   37 3790M    0     0  19.9M      0  0:08:29  0:03:10  0:05:19 6249k
 37  9.9G   37 3790M    0     0  19.8M      0  0:08:32  0:03:11  0:05:21 6201k
 37  9.9G   37 3790M    0     0  19.7M      0  0:08:34  0:03:11  0:05:23 6486k
 37  9.9G   37 3856M    0     0  19.9M      0  0:08:29  0:03:13  0:05:16 16.4M
 37  9.9G   37 3856M    0     0  19.8M      0  0:08:32  0:03:14  0:05:18 13.9M
 37  9.9G   37 3856M    0     0  19.7M      0  0:08:34  0:03:15  0:05:19 13.2M
 38  9.9G   38 3920M    0     0  19.9M      0  0:08:29  0:03:16  0:05:13 24.5M
 38  9.9G   38 3924M    0     0  19.9M      0  0:08:29  0:03:16  0:05:13 27.4M
 39  9.9G   39 3981M    0     0  20.0M      0  0:08:26  0:03:18  0:05:08 24.4M
 39  9.9G   39 3981M    0     0  19.9M      0  0:08:29  0:03:19  0:05:10 24.4M
 39  9.9G   39 3981M    0     0  19.8M      0  0:08:31  0:03:20  0:05:11 24.4M
 39  9.9G   39 4019M    0     0  19.9M      0  0:08:29  0:03:21  0:05:08 19.8M
 39  9.9G   39 4020M    0     0  19.9M      0  0:08:30  0:03:21  0:05:09 19.2M
 39  9.9G   39 4044M    0     0  19.9M      0  0:08:30  0:03:23  0:05:07 13.1M
 39  9.9G   39 4064M    0     0  19.8M      0  0:08:31  0:03:24  0:05:07 15.8M
 39  9.9G   39 4064M    0     0  19.7M      0  0:08:34  0:03:25  0:05:09 15.3M
 39  9.9G   39 4064M    0     0  19.6M      0  0:08:36  0:03:26  0:05:10 9078k
 40  9.9G   40 4121M    0     0  19.9M      0  0:08:30  0:03:26  0:05:04 20.1M
 40  9.9G   40 4129M    0     0  19.8M      0  0:08:31  0:03:27  0:05:04 18.3M
 40  9.9G   40 4129M    0     0  19.7M      0  0:08:34  0:03:28  0:05:06 15.5M
 41  9.9G   41 4206M    0     0  19.9M      0  0:08:28  0:03:30  0:04:58 28.4M
 41  9.9G   41 4206M    0     0  19.8M      0  0:08:31  0:03:31  0:05:00 27.5M
 41  9.9G   41 4206M    0     0  19.8M      0  0:08:33  0:03:32  0:05:01 15.1M
 41  9.9G   41 4262M    0     0  19.9M      0  0:08:29  0:03:33  0:04:56 22.5M
 41  9.9G   41 4262M    0     0  19.9M      0  0:08:29  0:03:33  0:04:56 26.6M
 42  9.9G   42 4274M    0     0  19.8M      0  0:08:31  0:03:35  0:04:56 14.7M
 42  9.9G   42 4274M    0     0  19.7M      0  0:08:34  0:03:36  0:04:58 14.7M
 42  9.9G   42 4274M    0     0  19.6M      0  0:08:36  0:03:37  0:04:59 14.0M
 42  9.9G   42 4312M    0     0  19.7M      0  0:08:33  0:03:37  0:04:56 12.1M
 42  9.9G   42 4340M    0     0  19.8M      0  0:08:32  0:03:38  0:04:54 15.2M
 42  9.9G   42 4360M    0     0  19.8M      0  0:08:32  0:03:39  0:04:53 18.7M
 43  9.9G   43 4404M    0     0  19.8M      0  0:08:31  0:03:41  0:04:50 23.6M
 43  9.9G   43 4404M    0     0  19.8M      0  0:08:32  0:03:41  0:04:51 27.9M
 43  9.9G   43 4422M    0     0  19.8M      0  0:08:32  0:03:43  0:04:49 20.6M
 43  9.9G   43 4432M    0     0  19.8M      0  0:08:33  0:03:43  0:04:50 18.8M
 44  9.9G   44 4474M    0     0  19.8M      0  0:08:30  0:03:44  0:04:46 22.5M
 44  9.9G   44 4486M    0     0  19.8M      0  0:08:32  0:03:46  0:04:46 18.6M
 44  9.9G   44 4486M    0     0  19.7M      0  0:08:34  0:03:47  0:04:47 15.6M
 44  9.9G   44 4486M    0     0  19.6M      0  0:08:36  0:03:48  0:04:48 13.0M
 44  9.9G   44 4497M    0     0  19.6M      0  0:08:37  0:03:49  0:04:48 12.1M
 44  9.9G   44 4512M    0     0  19.6M      0  0:08:37  0:03:49  0:04:48 7928k
 44  9.9G   44 4547M    0     0  19.6M      0  0:08:37  0:03:51  0:04:46 10.9M
 44  9.9G   44 4547M    0     0  19.5M      0  0:08:40  0:03:52  0:04:48 10.9M
 44  9.9G   44 4547M    0     0  19.4M      0  0:08:41  0:03:53  0:04:48 11.2M
 45  9.9G   45 4594M    0     0  19.6M      0  0:08:37  0:03:53  0:04:44 20.7M
 45  9.9G   45 4613M    0     0  19.6M      0  0:08:37  0:03:54  0:04:43 19.6M
 45  9.9G   45 4613M    0     0  19.5M      0  0:08:39  0:03:55  0:04:44 15.5M
 45  9.9G   45 4668M    0     0  19.7M      0  0:08:35  0:03:56  0:04:39 29.4M
 46  9.9G   46 4709M    0     0  19.7M      0  0:08:33  0:03:58  0:04:35 35.3M
 46  9.9G   46 4709M    0     0  19.6M      0  0:08:35  0:03:59  0:04:36 21.9M
 46  9.9G   46 4710M    0     0  19.6M      0  0:08:38  0:04:00  0:04:38 18.7M
 46  9.9G   46 4739M    0     0  19.6M      0  0:08:37  0:04:01  0:04:36 23.4M
 46  9.9G   46 4752M    0     0  19.6M      0  0:08:37  0:04:01  0:04:36 16.7M
 46  9.9G   46 4757M    0     0  19.5M      0  0:08:38  0:04:02  0:04:36  9.8M
 46  9.9G   46 4757M    0     0  19.5M      0  0:08:41  0:04:03  0:04:38  9.8M
 46  9.9G   46 4760M    0     0  19.4M      0  0:08:42  0:04:04  0:04:38 10.6M
 47  9.9G   47 4823M    0     0  19.5M      0  0:08:38  0:04:06  0:04:32 17.2M
 47  9.9G   47 4823M    0     0  19.5M      0  0:08:40  0:04:07  0:04:33 13.3M
 47  9.9G   47 4823M    0     0  19.4M      0  0:08:42  0:04:07  0:04:35 13.5M
 48  9.9G   48 4887M    0     0  19.6M      0  0:08:37  0:04:08  0:04:29 25.9M
 48  9.9G   48 4921M    0     0  19.7M      0  0:08:35  0:04:09  0:04:26 32.2M
 48  9.9G   48 4933M    0     0  19.6M      0  0:08:36  0:04:10  0:04:26 23.2M
 48  9.9G   48 4933M    0     0  19.5M      0  0:08:38  0:04:11  0:04:27 23.2M
 48  9.9G   48 4952M    0     0  19.5M      0  0:08:38  0:04:12  0:04:26 25.7M
 49  9.9G   49 4980M    0     0  19.6M      0  0:08:38  0:04:13  0:04:25 18.5M
 49  9.9G   49 5007M    0     0  19.6M      0  0:08:37  0:04:14  0:04:23 17.0M
 49  9.9G   49 5031M    0     0  19.6M      0  0:08:37  0:04:16  0:04:21 17.7M
 49  9.9G   49 5031M    0     0  19.5M      0  0:08:39  0:04:17  0:04:22 17.7M
 49  9.9G   49 5032M    0     0  19.4M      0  0:08:41  0:04:18  0:04:23 14.3M
 50  9.9G   50 5097M    0     0  19.6M      0  0:08:37  0:04:19  0:04:18 20.2M
 50  9.9G   50 5097M    0     0  19.5M      0  0:08:39  0:04:20  0:04:19 15.1M
 50  9.9G   50 5097M    0     0  19.5M      0  0:08:41  0:04:21  0:04:20 13.3M
 50  9.9G   50 5158M    0     0  19.6M      0  0:08:37  0:04:22  0:04:15 24.7M
 50  9.9G   50 5159M    0     0  19.6M      0  0:08:37  0:04:22  0:04:15 28.7M
 51  9.9G   51 5195M    0     0  19.6M      0  0:08:36  0:04:23  0:04:13 24.1M
 51  9.9G   51 5222M    0     0  19.6M      0  0:08:36  0:04:25  0:04:11 26.5M
 51  9.9G   51 5222M    0     0  19.5M      0  0:08:38  0:04:26  0:04:12 24.4M
 51  9.9G   51 5222M    0     0  19.5M      0  0:08:40  0:04:27  0:04:13 13.1M
 51  9.9G   51 5223M    0     0  19.4M      0  0:08:42  0:04:28  0:04:14 11.4M
 51  9.9G   51 5230M    0     0  19.4M      0  0:08:42  0:04:28  0:04:14 7037k
 51  9.9G   51 5241M    0     0  19.4M      0  0:08:43  0:04:30  0:04:13 4367k
 51  9.9G   51 5241M    0     0  19.3M      0  0:08:45  0:04:31  0:04:14 4367k
 51  9.9G   51 5242M    0     0  19.2M      0  0:08:47  0:04:32  0:04:15 4402k
 52  9.9G   52 5307M    0     0  19.4M      0  0:08:43  0:04:33  0:04:10 16.3M
 52  9.9G   52 5308M    0     0  19.3M      0  0:08:44  0:04:33  0:04:11 15.7M
 52  9.9G   52 5344M    0     0  19.4M      0  0:08:42  0:04:34  0:04:08 21.6M
 52  9.9G   52 5371M    0     0  19.4M      0  0:08:43  0:04:36  0:04:07 23.8M
 52  9.9G   52 5372M    0     0  19.4M      0  0:08:43  0:04:36  0:04:07 26.9M
 53  9.9G   53 5438M    0     0  19.5M      0  0:08:40  0:04:38  0:04:02 26.2M
 53  9.9G   53 5438M    0     0  19.4M      0  0:08:42  0:04:39  0:04:03 22.7M
 53  9.9G   53 5438M    0     0  19.4M      0  0:08:43  0:04:40  0:04:03 17.6M
 53  9.9G   53 5458M    0     0  19.4M      0  0:08:43  0:04:41  0:04:02 18.3M
 53  9.9G   53 5471M    0     0  19.4M      0  0:08:43  0:04:41  0:04:02 20.0M
 54  9.9G   54 5512M    0     0  19.4M      0  0:08:41  0:04:42  0:03:59 17.1M
 54  9.9G   54 5515M    0     0  19.4M      0  0:08:43  0:04:43  0:04:00 17.6M
 54  9.9G   54 5515M    0     0  19.3M      0  0:08:44  0:04:44  0:04:00 16.3M
 54  9.9G   54 5515M    0     0  19.2M      0  0:08:46  0:04:45  0:04:01 12.6M
 54  9.9G   54 5581M    0     0  19.4M      0  0:08:43  0:04:47  0:03:56 20.1M
 54  9.9G   54 5581M    0     0  19.3M      0  0:08:44  0:04:48  0:03:56 12.6M
 55  9.9G   55 5620M    0     0  19.4M      0  0:08:42  0:04:48  0:03:54 21.2M
 55  9.9G   55 5661M    0     0  19.5M      0  0:08:40  0:04:50  0:03:50 28.1M
 55  9.9G   55 5661M    0     0  19.4M      0  0:08:42  0:04:51  0:03:51 27.7M
 55  9.9G   55 5666M    0     0  19.4M      0  0:08:43  0:04:51  0:03:52 18.7M
 56  9.9G   56 5699M    0     0  19.4M      0  0:08:42  0:04:52  0:03:50 25.4M
 56  9.9G   56 5725M    0     0  19.4M      0  0:08:41  0:04:53  0:03:48 20.8M
 56  9.9G   56 5725M    0     0  19.4M      0  0:08:43  0:04:54  0:03:49 13.4M
 56  9.9G   56 5725M    0     0  19.3M      0  0:08:45  0:04:55  0:03:50 13.4M
 56  9.9G   56 5750M    0     0  19.3M      0  0:08:44  0:04:56  0:03:48 16.8M
 56  9.9G   56 5791M    0     0  19.4M      0  0:08:43  0:04:58  0:03:45 17.8M
 56  9.9G   56 5791M    0     0  19.3M      0  0:08:44  0:04:59  0:03:45 12.6M
 56  9.9G   56 5791M    0     0  19.3M      0  0:08:46  0:04:59  0:03:47 13.1M
 57  9.9G   57 5855M    0     0  19.4M      0  0:08:42  0:05:01  0:03:41 25.0M
 57  9.9G   57 5885M    0     0  19.4M      0  0:08:42  0:05:02  0:03:40 23.0M
 57  9.9G   57 5885M    0     0  19.3M      0  0:08:44  0:05:03  0:03:41 16.8M
 57  9.9G   57 5885M    0     0  19.3M      0  0:08:45  0:05:04  0:03:41 17.4M
 58  9.9G   58 5941M    0     0  19.4M      0  0:08:43  0:05:05  0:03:38 25.1M
 58  9.9G   58 5941M    0     0  19.4M      0  0:08:43  0:05:05  0:03:38 17.8M
 58  9.9G   58 5974M    0     0  19.4M      0  0:08:41  0:05:06  0:03:35 21.3M
 59  9.9G   59 5999M    0     0  19.4M      0  0:08:42  0:05:08  0:03:34 24.0M
 59  9.9G   59 5999M    0     0  19.3M      0  0:08:44  0:05:09  0:03:35 23.0M
 59  9.9G   59 5999M    0     0  19.3M      0  0:08:45  0:05:10  0:03:35 13.1M
 59  9.9G   59 6065M    0     0  19.4M      0  0:08:42  0:05:11  0:03:31 21.2M
 59  9.9G   59 6065M    0     0  19.3M      0  0:08:43  0:05:12  0:03:31 15.5M
 59  9.9G   59 6074M    0     0  19.4M      0  0:08:43  0:05:12  0:03:31 16.8M
 60  9.9G   60 6109M    0     0  19.4M      0  0:08:42  0:05:13  0:03:29 24.4M
 60  9.9G   60 6134M    0     0  19.4M      0  0:08:41  0:05:14  0:03:27 29.0M
 60  9.9G   60 6173M    0     0  19.4M      0  0:08:41  0:05:16  0:03:25 21.1M
 60  9.9G   60 6173M    0     0  19.4M      0  0:08:43  0:05:17  0:03:26 21.1M
 60  9.9G   60 6173M    0     0  19.3M      0  0:08:44  0:05:18  0:03:26 17.2M
 60  9.9G   60 6184M    0     0  19.3M      0  0:08:45  0:05:19  0:03:26 12.9M
 60  9.9G   60 6184M    0     0  19.3M      0  0:08:45  0:05:19  0:03:26 10.0M
 61  9.9G   61 6209M    0     0  19.3M      0  0:08:46  0:05:21  0:03:25 7758k
 61  9.9G   61 6209M    0     0  19.2M      0  0:08:47  0:05:22  0:03:25 7758k
 61  9.9G   61 6209M    0     0  19.1M      0  0:08:49  0:05:23  0:03:26 7399k
 61  9.9G   61 6209M    0     0  19.1M      0  0:08:50  0:05:24  0:03:26 5886k
 61  9.9G   61 6275M    0     0  19.2M      0  0:08:46  0:05:25  0:03:21 16.5M
 61  9.9G   61 6281M    0     0  19.2M      0  0:08:47  0:05:25  0:03:22 16.5M
 62  9.9G   62 6320M    0     0  19.3M      0  0:08:45  0:05:26  0:03:19 25.4M
 62  9.9G   62 6381M    0     0  19.4M      0  0:08:42  0:05:27  0:03:15 39.7M
 62  9.9G   62 6390M    0     0  19.4M      0  0:08:43  0:05:28  0:03:15 37.2M
 62  9.9G   62 6390M    0     0  19.3M      0  0:08:44  0:05:29  0:03:15 25.1M
 62  9.9G   62 6390M    0     0  19.3M      0  0:08:46  0:05:30  0:03:16 21.5M
 63  9.9G   63 6418M    0     0  19.3M      0  0:08:45  0:05:32  0:03:13 18.5M
 63  9.9G   63 6419M    0     0  19.2M      0  0:08:47  0:05:33  0:03:14 6981k
 63  9.9G   63 6429M    0     0  19.2M      0  0:08:47  0:05:33  0:03:14 7936k
 63  9.9G   63 6468M    0     0  19.3M      0  0:08:46  0:05:34  0:03:12 15.7M
 63  9.9G   63 6482M    0     0  19.2M      0  0:08:47  0:05:36  0:03:11 17.4M
 63  9.9G   63 6482M    0     0  19.2M      0  0:08:48  0:05:37  0:03:11 12.7M
 63  9.9G   63 6482M    0     0  19.1M      0  0:08:49  0:05:38  0:03:11 13.3M
 64  9.9G   64 6548M    0     0  19.2M      0  0:08:46  0:05:39  0:03:07 21.1M
 64  9.9G   64 6548M    0     0  19.2M      0  0:08:48  0:05:40  0:03:08 14.2M
 64  9.9G   64 6599M    0     0  19.3M      0  0:08:44  0:05:40  0:03:04 25.0M
 65  9.9G   65 6613M    0     0  19.3M      0  0:08:45  0:05:41  0:03:04 27.6M
 65  9.9G   65 6613M    0     0  19.2M      0  0:08:46  0:05:42  0:03:04 26.9M
 65  9.9G   65 6630M    0     0  19.2M      0  0:08:47  0:05:43  0:03:04 18.9M
 65  9.9G   65 6660M    0     0  19.3M      0  0:08:46  0:05:45  0:03:01 24.5M
 65  9.9G   65 6681M    0     0  19.3M      0  0:08:46  0:05:45  0:03:01 16.0M
 65  9.9G   65 6692M    0     0  19.2M      0  0:08:47  0:05:47  0:03:00 14.8M
 65  9.9G   65 6692M    0     0  19.2M      0  0:08:48  0:05:48  0:03:00 14.8M
 65  9.9G   65 6692M    0     0  19.1M      0  0:08:50  0:05:49  0:03:01 11.8M
 66  9.9G   66 6758M    0     0  19.2M      0  0:08:47  0:05:50  0:02:57 17.8M
 66  9.9G   66 6758M    0     0  19.2M      0  0:08:48  0:05:51  0:02:57 13.8M
 66  9.9G   66 6758M    0     0  19.1M      0  0:08:49  0:05:52  0:02:57 12.9M
 67  9.9G   67 6837M    0     0  19.3M      0  0:08:45  0:05:53  0:02:52 26.7M
 67  9.9G   67 6837M    0     0  19.3M      0  0:08:45  0:05:53  0:02:52 30.5M
 67  9.9G   67 6866M    0     0  19.3M      0  0:08:45  0:05:54  0:02:51 25.0M
 67  9.9G   67 6901M    0     0  19.3M      0  0:08:45  0:05:56  0:02:49 28.1M
 67  9.9G   67 6901M    0     0  19.3M      0  0:08:46  0:05:57  0:02:49 27.0M
 67  9.9G   67 6901M    0     0  19.2M      0  0:08:47  0:05:58  0:02:49 13.3M
 67  9.9G   67 6902M    0     0  19.2M      0  0:08:48  0:05:59  0:02:49 11.9M
 67  9.9G   67 6902M    0     0  19.1M      0  0:08:50  0:06:00  0:02:50 6678k
 67  9.9G   67 6908M    0     0  19.1M      0  0:08:50  0:06:00  0:02:50 1852k
 68  9.9G   68 6950M    0     0  19.2M      0  0:08:49  0:06:01  0:02:48 11.5M
 68  9.9G   68 6966M    0     0  19.1M      0  0:08:49  0:06:03  0:02:46 13.7M
 68  9.9G   68 6966M    0     0  19.1M      0  0:08:51  0:06:04  0:02:47 12.9M
 68  9.9G   68 6966M    0     0  19.0M      0  0:08:52  0:06:05  0:02:47 13.2M
 69  9.9G   69 7032M    0     0  19.1M      0  0:08:49  0:06:06  0:02:43 21.3M
 69  9.9G   69 7032M    0     0  19.1M      0  0:08:51  0:06:07  0:02:44 14.6M
 69  9.9G   69 7076M    0     0  19.2M      0  0:08:48  0:06:07  0:02:41 23.7M
 70  9.9G   70 7126M    0     0  19.3M      0  0:08:46  0:06:09  0:02:37 32.2M
 70  9.9G   70 7126M    0     0  19.2M      0  0:08:47  0:06:10  0:02:37 31.7M
 70  9.9G   70 7126M    0     0  19.2M      0  0:08:49  0:06:10  0:02:39 21.3M
 70  9.9G   70 7144M    0     0  19.2M      0  0:08:48  0:06:11  0:02:37 25.4M
 70  9.9G   70 7168M    0     0  19.2M      0  0:08:48  0:06:12  0:02:36 18.1M
 70  9.9G   70 7176M    0     0  19.1M      0  0:08:49  0:06:14  0:02:35 10.2M
 70  9.9G   70 7176M    0     0  19.1M      0  0:08:51  0:06:15  0:02:36 10.2M
 70  9.9G   70 7176M    0     0  19.0M      0  0:08:52  0:06:15  0:02:37 10.2M
 71  9.9G   71 7242M    0     0  19.2M      0  0:08:49  0:06:17  0:02:32 18.9M
 71  9.9G   71 7256M    0     0  19.2M      0  0:08:49  0:06:17  0:02:32 17.7M
 71  9.9G   71 7307M    0     0  19.2M      0  0:08:46  0:06:18  0:02:28 27.5M
 72  9.9G   72 7342M    0     0  19.3M      0  0:08:46  0:06:20  0:02:26 33.5M
 72  9.9G   72 7342M    0     0  19.2M      0  0:08:47  0:06:21  0:02:26 32.5M
 72  9.9G   72 7347M    0     0  19.2M      0  0:08:48  0:06:21  0:02:27 21.9M
 72  9.9G   72 7379M    0     0  19.2M      0  0:08:47  0:06:22  0:02:25 24.4M
 72  9.9G   72 7386M    0     0  19.2M      0  0:08:48  0:06:24  0:02:24 14.3M
 72  9.9G   72 7386M    0     0  19.1M      0  0:08:50  0:06:25  0:02:25 8501k
 72  9.9G   72 7386M    0     0  19.1M      0  0:08:51  0:06:26  0:02:25 8757k
 73  9.9G   73 7452M    0     0  19.2M      0  0:08:48  0:06:27  0:02:21 18.1M
 73  9.9G   73 7452M    0     0  19.1M      0  0:08:49  0:06:28  0:02:21 12.6M
 73  9.9G   73 7452M    0     0  19.1M      0  0:08:50  0:06:29  0:02:21 13.1M
 73  9.9G   73 7516M    0     0  19.2M      0  0:08:48  0:06:30  0:02:18 24.6M
 73  9.9G   73 7517M    0     0  19.2M      0  0:08:48  0:06:30  0:02:18 27.8M
 74  9.9G   74 7566M    0     0  19.2M      0  0:08:47  0:06:32  0:02:15 22.4M
 74  9.9G   74 7566M    0     0  19.2M      0  0:08:48  0:06:33  0:02:15 22.4M
 74  9.9G   74 7566M    0     0  19.1M      0  0:08:50  0:06:34  0:02:16 21.3M
 74  9.9G   74 7566M    0     0  19.1M      0  0:08:51  0:06:35  0:02:16  9.9M
 74  9.9G   74 7608M    0     0  19.2M      0  0:08:48  0:06:35  0:02:13 18.3M
 74  9.9G   74 7621M    0     0  19.2M      0  0:08:49  0:06:36  0:02:13 12.9M
 75  9.9G   75 7649M    0     0  19.2M      0  0:08:48  0:06:37  0:02:11 20.1M
 75  9.9G   75 7660M    0     0  19.1M      0  0:08:49  0:06:39  0:02:10 21.6M
 75  9.9G   75 7660M    0     0  19.1M      0  0:08:50  0:06:40  0:02:10 21.2M
 75  9.9G   75 7664M    0     0  19.1M      0  0:08:51  0:06:40  0:02:11 11.1M
 76  9.9G   76 7726M    0     0  19.2M      0  0:08:49  0:06:42  0:02:07 19.7M
 76  9.9G   76 7726M    0     0  19.1M      0  0:08:50  0:06:43  0:02:07 14.1M
 76  9.9G   76 7737M    0     0  19.1M      0  0:08:50  0:06:43  0:02:07 15.9M
 76  9.9G   76 7789M    0     0  19.2M      0  0:08:48  0:06:44  0:02:04 26.7M
 76  9.9G   76 7815M    0     0  19.2M      0  0:08:49  0:06:47  0:02:02 24.4M
 77  9.9G   77 7853M    0     0  19.2M      0  0:08:48  0:06:48  0:02:00 21.2M
 77  9.9G   77 7853M    0     0  19.1M      0  0:08:49  0:06:49  0:02:00 21.2M
 77  9.9G   77 7853M    0     0  19.1M      0  0:08:50  0:06:50  0:02:00 18.5M
 77  9.9G   77 7862M    0     0  19.1M      0  0:08:51  0:06:51  0:02:00 11.6M
 77  9.9G   77 7870M    0     0  19.0M      0  0:08:52  0:06:52  0:02:00  9.8M
 77  9.9G   77 7870M    0     0  19.0M      0  0:08:54  0:06:53  0:02:01 3271k
 77  9.9G   77 7870M    0     0  18.9M      0  0:08:55  0:06:54  0:02:01 3349k
 78  9.9G   78 7936M    0     0  19.1M      0  0:08:51  0:06:54  0:01:57 17.5M
 78  9.9G   78 7936M    0     0  19.0M      0  0:08:52  0:06:55  0:01:57 15.6M
 78  9.9G   78 7936M    0     0  19.0M      0  0:08:53  0:06:56  0:01:57 15.4M
 78  9.9G   78 7936M    0     0  18.9M      0  0:08:55  0:06:57  0:01:58 15.4M
 78  9.9G   78 8000M    0     0  19.0M      0  0:08:52  0:06:59  0:01:53 28.1M
 78  9.9G   78 8017M    0     0  19.0M      0  0:08:52  0:06:59  0:01:53 16.2M
 79  9.9G   79 8078M    0     0  19.1M      0  0:08:50  0:07:01  0:01:49 25.8M
 79  9.9G   79 8078M    0     0  19.1M      0  0:08:51  0:07:02  0:01:49 25.9M
 79  9.9G   79 8078M    0     0  19.0M      0  0:08:52  0:07:03  0:01:49 26.3M
 79  9.9G   79 8105M    0     0  19.1M      0  0:08:52  0:07:04  0:01:48 19.9M
 79  9.9G   79 8119M    0     0  19.1M      0  0:08:51  0:07:04  0:01:47 20.0M
 80  9.9G   80 8144M    0     0  19.0M      0  0:08:52  0:07:06  0:01:46 12.8M
 80  9.9G   80 8144M    0     0  19.0M      0  0:08:53  0:07:07  0:01:46 12.8M
 80  9.9G   80 8144M    0     0  19.0M      0  0:08:54  0:07:08  0:01:46 12.6M
 80  9.9G   80 8200M    0     0  19.1M      0  0:08:51  0:07:08  0:01:43 21.2M
 80  9.9G   80 8229M    0     0  19.1M      0  0:08:50  0:07:09  0:01:41 22.4M
 81  9.9G   81 8294M    0     0  19.2M      0  0:08:49  0:07:11  0:01:38 28.2M
 81  9.9G   81 8294M    0     0  19.1M      0  0:08:50  0:07:12  0:01:38 28.2M
 81  9.9G   81 8294M    0     0  19.1M      0  0:08:51  0:07:13  0:01:38 28.6M
 81  9.9G   81 8312M    0     0  19.1M      0  0:08:50  0:07:13  0:01:37 22.4M
 82  9.9G   82 8340M    0     0  19.1M      0  0:08:50  0:07:14  0:01:36 21.5M
 82  9.9G   82 8354M    0     0  19.1M      0  0:08:51  0:07:16  0:01:35 12.5M
 82  9.9G   82 8354M    0     0  19.0M      0  0:08:52  0:07:17  0:01:35 12.5M
 82  9.9G   82 8354M    0     0  19.0M      0  0:08:53  0:07:18  0:01:35 12.8M
 82  9.9G   82 8419M    0     0  19.1M      0  0:08:50  0:07:19  0:01:31 18.0M
 82  9.9G   82 8419M    0     0  19.1M      0  0:08:51  0:07:20  0:01:31 13.7M
 82  9.9G   82 8420M    0     0  19.0M      0  0:08:52  0:07:21  0:01:31 13.2M
 83  9.9G   83 8472M    0     0  19.1M      0  0:08:50  0:07:21  0:01:29 27.3M
 83  9.9G   83 8484M    0     0  19.1M      0  0:08:50  0:07:22  0:01:28 28.2M
 83  9.9G   83 8498M    0     0  19.1M      0  0:08:50  0:07:23  0:01:27 19.1M
 83  9.9G   83 8518M    0     0  19.1M      0  0:08:50  0:07:24  0:01:26 23.3M
 83  9.9G   83 8518M    0     0  19.1M      0  0:08:52  0:07:25  0:01:27 22.0M
 83  9.9G   83 8532M    0     0  19.0M      0  0:08:52  0:07:26  0:01:26 11.9M
 84  9.9G   84 8581M    0     0  19.1M      0  0:08:50  0:07:28  0:01:22 18.7M
 84  9.9G   84 8605M    0     0  19.1M      0  0:08:50  0:07:28  0:01:22 21.4M
 84  9.9G   84 8627M    0     0  19.1M      0  0:08:50  0:07:30  0:01:20 20.0M
 84  9.9G   84 8627M    0     0  19.1M      0  0:08:51  0:07:31  0:01:20 20.0M
 84  9.9G   84 8628M    0     0  19.0M      0  0:08:52  0:07:32  0:01:20 17.5M
 85  9.9G   85 8693M    0     0  19.1M      0  0:08:50  0:07:33  0:01:17 20.1M
 85  9.9G   85 8693M    0     0  19.1M      0  0:08:51  0:07:34  0:01:17 15.0M
 85  9.9G   85 8693M    0     0  19.1M      0  0:08:51  0:07:34  0:01:17 14.5M
 86  9.9G   86 8741M    0     0  19.1M      0  0:08:50  0:07:36  0:01:14 24.6M
 86  9.9G   86 8759M    0     0  19.1M      0  0:08:50  0:07:36  0:01:14 28.7M
 86  9.9G   86 8799M    0     0  19.2M      0  0:08:48  0:07:37  0:01:11 25.3M
 86  9.9G   86 8805M    0     0  19.1M      0  0:08:49  0:07:38  0:01:11 26.1M
 86  9.9G   86 8805M    0     0  19.1M      0  0:08:50  0:07:39  0:01:11 22.2M
 86  9.9G   86 8818M    0     0  19.1M      0  0:08:51  0:07:40  0:01:11 16.0M
 86  9.9G   86 8823M    0     0  19.1M      0  0:08:51  0:07:41  0:01:10 12.8M
 86  9.9G   86 8838M    0     0  19.0M      0  0:08:52  0:07:43  0:01:09 7085k
 86  9.9G   86 8838M    0     0  19.0M      0  0:08:54  0:07:44  0:01:10 6077k
 86  9.9G   86 8838M    0     0  18.9M      0  0:08:55  0:07:45  0:01:10 6149k
 87  9.9G   87 8901M    0     0  19.1M      0  0:08:51  0:07:45  0:01:06 16.7M
 88  9.9G   88 8947M    0     0  19.1M      0  0:08:50  0:07:46  0:01:04 24.9M
 88  9.9G   88 8968M    0     0  19.1M      0  0:08:50  0:07:47  0:01:03 29.1M
 88  9.9G   88 9028M    0     0  19.2M      0  0:08:47  0:07:48  0:00:59 43.5M
 88  9.9G   88 9030M    0     0  19.2M      0  0:08:48  0:07:49  0:00:59 43.3M
 88  9.9G   88 9030M    0     0  19.1M      0  0:08:49  0:07:50  0:00:59 25.6M
 89  9.9G   89 9066M    0     0  19.1M      0  0:08:49  0:07:52  0:00:57 20.0M
 89  9.9G   89 9066M    0     0  19.1M      0  0:08:50  0:07:52  0:00:58 19.8M
 89  9.9G   89 9102M    0     0  19.2M      0  0:08:49  0:07:53  0:00:56 14.7M
 89  9.9G   89 9111M    0     0  19.1M      0  0:08:49  0:07:55  0:00:54 15.5M
 89  9.9G   89 9111M    0     0  19.1M      0  0:08:51  0:07:56  0:00:55 15.5M
 89  9.9G   89 9111M    0     0  19.1M      0  0:08:52  0:07:56  0:00:56 10.7M
 90  9.9G   90 9177M    0     0  19.1M      0  0:08:49  0:07:58  0:00:51 20.5M
 90  9.9G   90 9187M    0     0  19.1M      0  0:08:49  0:07:58  0:00:51 16.9M
 90  9.9G   90 9246M    0     0  19.2M      0  0:08:48  0:08:00  0:00:48 23.4M
 90  9.9G   90 9246M    0     0  19.1M      0  0:08:49  0:08:01  0:00:48 23.4M
 90  9.9G   90 9246M    0     0  19.1M      0  0:08:50  0:08:02  0:00:48 23.1M
 91  9.9G   91 9301M    0     0  19.1M      0  0:08:49  0:08:04  0:00:45 19.9M
 91  9.9G   91 9306M    0     0  19.1M      0  0:08:49  0:08:04  0:00:45 19.9M
 91  9.9G   91 9321M    0     0  19.1M      0  0:08:50  0:08:06  0:00:44 14.0M
 91  9.9G   91 9321M    0     0  19.1M      0  0:08:51  0:08:07  0:00:44 14.0M
 91  9.9G   91 9321M    0     0  19.1M      0  0:08:52  0:08:07  0:00:45 14.5M
 92  9.9G   92 9387M    0     0  19.1M      0  0:08:49  0:08:09  0:00:40 17.4M
 92  9.9G   92 9387M    0     0  19.1M      0  0:08:50  0:08:10  0:00:40 14.4M
 92  9.9G   92 9417M    0     0  19.1M      0  0:08:49  0:08:10  0:00:39 20.3M
 92  9.9G   92 9451M    0     0  19.2M      0  0:08:48  0:08:11  0:00:37 27.3M
 93  9.9G   93 9470M    0     0  19.1M      0  0:08:49  0:08:13  0:00:36 26.4M
 93  9.9G   93 9470M    0     0  19.1M      0  0:08:49  0:08:13  0:00:36 18.7M
 93  9.9G   93 9506M    0     0  19.2M      0  0:08:49  0:08:14  0:00:35 26.8M
 93  9.9G   93 9534M    0     0  19.2M      0  0:08:49  0:08:16  0:00:33 20.6M
 93  9.9G   93 9534M    0     0  19.1M      0  0:08:50  0:08:17  0:00:33 14.7M
 93  9.9G   93 9534M    0     0  19.1M      0  0:08:51  0:08:18  0:00:33 13.0M
 93  9.9G   93 9542M    0     0  19.0M      0  0:08:52  0:08:19  0:00:33 12.3M
 93  9.9G   93 9543M    0     0  19.0M      0  0:08:52  0:08:19  0:00:33 7476k
 94  9.9G   94 9572M    0     0  19.1M      0  0:08:51  0:08:20  0:00:31 8896k
 94  9.9G   94 9595M    0     0  19.0M      0  0:08:52  0:08:22  0:00:30 12.3M
 94  9.9G   94 9595M    0     0  19.0M      0  0:08:53  0:08:23  0:00:30 12.3M
 94  9.9G   94 9595M    0     0  19.0M      0  0:08:54  0:08:24  0:00:30 11.3M
 95  9.9G   95 9661M    0     0  19.1M      0  0:08:51  0:08:25  0:00:26 20.7M
 95  9.9G   95 9662M    0     0  19.1M      0  0:08:52  0:08:25  0:00:27 18.2M
 95  9.9G   95 9701M    0     0  19.1M      0  0:08:50  0:08:26  0:00:24 24.3M
 96  9.9G   96 9757M    0     0  19.2M      0  0:08:49  0:08:28  0:00:21 34.2M
 96  9.9G   96 9757M    0     0  19.1M      0  0:08:50  0:08:29  0:00:21 33.1M
 96  9.9G   96 9757M    0     0  19.1M      0  0:08:51  0:08:29  0:00:22 21.8M
 96  9.9G   96 9784M    0     0  19.1M      0  0:08:50  0:08:31  0:00:19 23.2M
 96  9.9G   96 9805M    0     0  19.1M      0  0:08:51  0:08:32  0:00:19 17.3M
 96  9.9G   96 9805M    0     0  19.0M      0  0:08:52  0:08:33  0:00:19 8715k
 96  9.9G   96 9805M    0     0  19.0M      0  0:08:53  0:08:34  0:00:19 9144k
 96  9.9G   96 9850M    0     0  19.1M      0  0:08:51  0:08:34  0:00:17 19.0M
 97  9.9G   97 9871M    0     0  19.1M      0  0:08:51  0:08:36  0:00:15 17.2M
 97  9.9G   97 9871M    0     0  19.0M      0  0:08:52  0:08:37  0:00:15 15.2M
 97  9.9G   97 9934M    0     0  19.1M      0  0:08:49  0:08:37  0:00:12 32.0M
 97  9.9G   97 9935M    0     0  19.1M      0  0:08:50  0:08:38  0:00:12 30.2M
 98  9.9G   98 9982M    0     0  19.1M      0  0:08:49  0:08:40  0:00:09 24.2M
 98  9.9G   98 9987M    0     0  19.1M      0  0:08:49  0:08:40  0:00:09 24.6M
 98  9.9G   98  9.7G    0     0  19.2M      0  0:08:49  0:08:41  0:00:08 31.8M
 98  9.9G   98  9.7G    0     0  19.1M      0  0:08:50  0:08:42  0:00:08 18.0M
 98  9.9G   98  9.8G    0     0  19.1M      0  0:08:49  0:08:43  0:00:06 22.9M
 99  9.9G   99  9.8G    0     0  19.1M      0  0:08:49  0:08:45  0:00:04 18.3M
 99  9.9G   99  9.8G    0     0  19.1M      0  0:08:50  0:08:46  0:00:04 15.9M
 99  9.9G   99  9.8G    0     0  19.1M      0  0:08:51  0:08:47  0:00:04 10.2M
 99  9.9G   99  9.8G    0     0  19.1M      0  0:08:49  0:08:47  0:00:02 20.1M
 99  9.9G   99  9.9G    0     0  19.1M      0  0:08:49  0:08:48  0:00:01 19.0M
100  9.9G  100  9.9G    0     0  19.1M      0  0:08:49  0:08:49 --:--:-- 20.0M
